NotFound: Cannot resolve module "bad-module.ts" from "[WILDCARD]/tests/error_005_missing_dynamic_import.ts"
    at maybeError ([WILDCARD]/js/errors.ts:[WILDCARD])
    at maybeThrowError ([WILDCARD]/js/errors.ts:[WILDCARD])
    at sendSync ([WILDCARD]/js/dispatch.ts:[WILDCARD])
    at Object.codeFetch ([WILDCARD]/js/os.ts:[WILDCARD])
    at DenoCompiler.resolveModule ([WILDCARD]/js/compiler.ts:[WILDCARD])
    at moduleNames.map.name ([WILDCARD]/js/compiler.ts:[WILDCARD])
    at Array.map (<anonymous>)
    at DenoCompiler.resolveModuleNames ([WILDCARD]/js/compiler.ts:[WILDCARD])
    at Object.compilerHost.resolveModuleNames ([WILDCARD]/third_party/node_modules/typescript/lib/typescript.js:[WILDCARD])
    at resolveModuleNamesWorker ([WILDCARD]/third_party/node_modules/typescript/lib/typescript.js:[WILDCARD])
